ROM0 bank #0:
	SECTION: $0000-$003a ($003b bytes) ["ResetVariables"]
		; New fragment
	         $0009 = iResetVariables
	SECTION: $003b-$003f ($0005 bytes) ["InitVariablesEmptyTile"]
		; New fragment
	         $003b = iInitVariables_emptyTile
	SECTION: $0040-$0042 ($0003 bytes) ["Vblank"]
	SECTION: $0043-$0055 ($0013 bytes) ["ResetVariablesVidbase"]
		; New fragment
	         $0043 = iResetVariables_vidBase
	SECTION: $0056-$005e ($0009 bytes) ["ResetVariablesEmptyTile"]
		; New fragment
	         $0056 = iResetVariables_emptyTile
	EMPTY: $0001 byte
	SECTION: $0060-$0060 ($0001 byte) ["Joypad interrupt"]
	SECTION: $0061-$0080 ($0020 bytes) ["ResetVariables0"]
		; New fragment
	         $0061 = iResetVariables_0
	SECTION: $0081-$0093 ($0013 bytes) ["InitVariables"]
		; New fragment
	         $0081 = iInitVariables
	SECTION: $0094-$009f ($000c bytes) ["InitVariables0"]
		; New fragment
	         $0094 = iInitVariables_0
	SECTION: $00a0-$00aa ($000b bytes) ["ResetVariables1"]
		; New fragment
	         $00a0 = iResetVariables_1
	SECTION: $00ab-$00b1 ($0007 bytes) ["InitVariables1"]
		; New fragment
	         $00ab = iInitVariables_1
	SECTION: $00b2-$00b6 ($0005 bytes) ["InitVariablesVidbase"]
		; New fragment
	         $00b2 = iInitVariables_vidBase
	EMPTY: $0049 bytes
	SECTION: $0100-$0200 ($0101 bytes) ["start"]
	         $0150 = start
	         $0152 = iIniStack
	         $0155 = iDisLCD
	         $0159 = !0
	         $0159 = iDisLCD.nextFrame
	         $0169 = iIniScrl
	         $016f = iClearScores
	         $0174 = iClearScores.loop
	         $0184 = iClearOAM
	         $018e = iClearOAM.loop
	         $0194 = iClearScreen
	         $019e = iClearScreen.loop
	         $01b0 = iMakeSplash
	         $01b9 = iMakeSplash.loop
	         $01cd = iLoadGfx
	         $01d6 = iLoadGfx.loop
	         $01de = iPrepOAMDMA
	         $01e5 = iPrepOAMDMA.loop
	         $01eb = iColors
	         $01f6 = iColors.loop
	SECTION: $0201-$08cf ($06cf bytes) ["main"]
	         $0201 = iResetDone
	         $020c = mMain
	         $022e = noPause
	         $022e = mEndPause
	         $0234 = noMainStep
	         $0234 = mMainStepEnd
	         $0238 = mMainStepEnd.wait
	         $0248 = mPause
	         $0249 = !2
	         $024f = drawPauseMessage
	         $0256 = drawPauseMessage.loop
	         $025c = drawPauseMessage.pause
	         $0277 = drawPauseMessage.restart
	         $0289 = drawPauseMessage.noReset
	         $0290 = mMainStep
	         $0295 = mUpdKeys
	         $02ad = mUpdKeys.noHoriEvent
	         $02b3 = mUpdKeys.goingVertiNow
	         $02c4 = mUpdKeys.noVertiEvent
	         $02c7 = mUpdKeysEnd
	         $02c7 = hUpd2Adr
	         $02db = mHotRestart
	         $02f6 = mHotRestart.dokill
	         $032e = mHotRestart.nokill
	         $032e = mHotRestart.noupdspeed
	         $0367 = mHotRestart.moveapple
	         $036a = mHotRestart.modulo
	         $0374 = mHotRestart.noproblem
	         $0383 = mHotRestart.noapple
	         $03a2 = mHotRestart.endapple
	         $03ad = tUpdateHead
	         $03b5 = hCalcSpr1
	         $03d1 = hCalcSpr1.goingright
	         $03e1 = hCalcSpr1.goingverti
	         $03f8 = hCalcSpr1.goingdown
	         $0408 = hCalcSpr1.endcalc
	         $040b = hDrawCorpse
	         $0425 = hDrawCorpse.noapple
	         $0425 = hCalcSpr2
	         $0430 = hCalcSpr2.goingleft
	         $043c = hCalcSpr2.goingright
	         $0448 = hCalcSpr2.goingverti
	         $044e = hCalcSpr2.goingup
	         $045a = hCalcSpr2.goingdown
	         $0466 = hCalcSpr2.left2verti
	         $046b = hCalcSpr2.right2verti
	         $0470 = hCalcSpr2.down2hori
	         $0475 = hCalcSpr2.endcalc
	         $0475 = hCalcSpr2.up2hori
	         $0478 = dontUpdHead
	         $048c = tUpdSpr2
	         $049f = tUpdSpr2.goingright
	         $04a4 = tUpdSpr2.goingleft
	         $04a6 = tUpdSpr2.endcalclr
	         $04a9 = tUpdSpr2.goingverti
	         $04be = tUpdSpr2.goingup
	         $04c0 = tUpdSpr2.endcalc
	         $04c3 = tUpdSpr1
	         $04d2 = tUpdSpr1.nodeath
	         $04d9 = tUpdSpr1.noapple
	         $04e4 = tUpdSpr1End
	         $04e4 = upddir
	         $04f3 = vUpdPosH2
	         $04ff = vUpdPosH1
	         $0512 = dontUpdHead2
	         $0538 = tUpdateTail
	         $0550 = tUpdateTail.notLeft
	         $055d = tUpdateTail.notRight
	         $056a = tUpdateTail.notUp
	         $0574 = mEndMoveTail
	         $0574 = mMoveTail2Address
	         $057f = mDigestScore
	         $0593 = mUpdHead1adr
	         $05f6 = mUpdHead1adr.ischerry
	         $062b = mUpdHead1adr.isbasket
	         $0647 = mUpdHead1adr.notClearbonus
	         $0647 = mUpdHead1adr.endbasket
	         $065b = mUpdHead1adr.nobonus
	         $065b = mUpdHead1adr.notUpdbonus
	         $065b = mUpdTimer
	         $065e = mUpdTimer.loop
	         $066b = mUpdTimer.notempty
	         $0682 = mUpdTimer.increaseSpeed
	         $06b2 = mUpdTimer.dontUpdbonus
	         $06c6 = mUpdTimer2
	         $06c6 = mUpdTimer2.loop
	         $06d3 = mUpdTimer2.notempty
	         $06ea = endUpdTimer
	         $06ea = mUpdTimer2.increaseSpeed
	         $06f8 = !3
	         $072a = endUpdTimer.notJustStart
	         $073c = copyLevel1
	         $074a = !4
	         $074a = copyLevel2
	         $075a = saveHighscore
	         $075a = !5
	         $076b = saveHighscore.noHigh
	         $0780 = scroll2pos
	         $0780 = scroll2pos.wait
	         $0786 = !6
	         $07b0 = scroll2pos.endscroll
	         $07bd = scroll2pos.nohscroll
	         $07ee = drawEmptyTimer
	         $07f6 = drawEmptyTimer.loop
	         $0801 = noFreeze
	         $0804 = gSwitchLevel
	         $0804 = !7
	         $0825 = gSwitchLevel.ignoreScore
	         $0852 = gSwitchLevel.otherone
	         $0858 = gSwitchLevel.endone
	         $085a = tDie
	         $085a = stopTail
	         $085a = errTrail
	         $0860 = !8
	         $0877 = tDie.noappleupd
	         $0893 = tDie.noappleupd2
	         $08a0 = tDie.noappleupd3
	         $08ae = !9
	         $08ae = mRestaerd
	         $08c0 = mRestaerd.clearOAM
	SECTION: $08d0-$0cec ($041d bytes) ["Routines"]
		; New fragment
	         $08d0 = gRdKeypad
	         $0908 = gGetKeyHeading
	         $091b = gGetKeyHeading.noRight
	         $0929 = gGetKeyHeading.noLeft
	         $0937 = gGetKeyHeading.noUp
	         $0943 = gGetKeyHeading.noDown
	         $0944 = gWaitKeyOld
	         $094f = gWaitKey
	         $0956 = gWaitKey.waitAllUp
	         $0970 = gWaitKey.waitAllDown
	         $09a8 = gGoLeft
	         $09b0 = gGoLeft.nowrap
	         $09b1 = gGoRight
	         $09b9 = gGoRight.nowrap
	         $09ba = gGoUp
	         $09be = gGoDown
	         $09c2 = gDrawMessage
	         $09d3 = drawMessage
	         $09d5 = drawMessage.loop
	         $09dc = drawEmpty
	         $09e0 = drawEmpty.loop
	         $09e6 = gIncScore
	         $0a0b = gIncScore.toolow
	         $0a0e = gIncScore.nocarry
	         $0a0f = gCopyLevel
	         $0a31 = gCopyLevel.notcarry
	         $0a3b = gCopyLevel.copylevelbase
	         $0a5b = gCopyLevel.notEmpty
	         $0a64 = vBlank
	         $0ab8 = vBlank.noapperror
	         $0ac6 = vBlank.enderror
	         $0aef = vBlank.freezecorpse
	         $0b01 = vBlank.notailegg
	         $0b14 = vBlank.dontupdcorp
	         $0b2a = vBlank.noupdscore
	         $0b37 = vBlank.dontscroll
	         $0b47 = gUpdSprites
	         $0b47 = vIHead
	         $0b74 = vIHead.updhead1normally
	         $0b86 = vIHead.vIHead1End
	         $0bb7 = vIHead.updhead2normally
	         $0bc9 = vIHead.freezehead
	         $0bc9 = vIHead.vIHead2End
	         $0bc9 = vITail
	         $0bc9 = vIHead.vIHeadEnd
	         $0bf3 = vITail.vTailEnd
	         $0bf4 = snkAnim
	         $0bfb = snkAnim.is1
	         $0c01 = snkAnim.is2
	         $0c07 = snkAnim.is3
	         $0c0d = snkAnim.is4
	         $0c13 = snkAnim.is5
	         $0c19 = snkAnim.is6
	         $0c1f = snkAnim.is7
	         $0c25 = snkAnim.is8
	         $0c26 = gUpdHigh
	         $0c38 = gUpdHigh.noStrangeSign
	         $0c46 = gUpdHigh.notup1
	         $0c53 = gUpdHigh.upd2
	         $0c5a = gUpdHigh.notup2
	         $0c67 = gUpdHigh.upd3
	         $0c6c = gUpdHigh.endUpd
	         $0c6c = gUpdHigh.notup3
	         $0c6d = mPosbonus
	         $0c9e = vDMA
	         $0ca8 = sPlayMusic1
	         $0cbc = sPlayMusic1.nocarry
	         $0cd2 = sPlayMusic1.noNote
	         $0cec = sPlayMusic1.noNote2
	SECTION: $0ced-$0dab ($00bf bytes) ["init_other"]
	         $0ced = iInitOthers
	         $0ced = iHeaderColor
	         $0cf8 = iHeaderColor.loop
	         $0cff = iSplashHeader1
	         $0d07 = iSplashHeader1.loop
	         $0d0d = iSplashHeader2
	         $0d15 = iSplashHeader2.loop
	         $0d23 = iSound
	         $0d49 = iIniPal
	         $0d51 = iShowSplash
	         $0d60 = iEndSplash
	         $0d60 = !1
	         $0d8d = iHeader3
	         $0d95 = iHeader3.loop
	         $0d9b = iHeader4
	         $0da3 = iHeader4.loop
	         $0da9 = iReset
	         $0da9 = iEI
	EMPTY: $3254 bytes
	SLACK: $329e bytes

ROMX bank #1:
	SECTION: $4000-$7e72 ($3e73 bytes) ["data"]
	         $4000 = g_mapmov
	         $4100 = g_mapatr
	         $4200 = g_mapeaten
	         $4210 = gSnkAnim1
	         $4454 = gSnkAnim2
	         $4698 = gSnkAnim3
	         $48dc = gSnkAnim4
	         $4b20 = gSnkAnim5
	         $4d64 = gSnkAnim6
	         $4fa8 = gSnkAnim7
	         $51ec = gSnkAnim8
	         $5430 = gSnkAnim9
	         $5434 = gColors
	         $5434 = gPal0
	         $543c = gPal1
	         $5444 = gPal2
	         $544c = gPal3
	         $5454 = gPal4
	         $545c = gShapes
	         $6c5c = gShapesEnd
	         $6c5c = gHeader1
	         $6c70 = gHeader2
	         $6c84 = gMessageTimer
	         $6c8c = gSplash1
	         $6d8d = gSplashHeader1
	         $6da1 = gSplashHeader2
	         $6db5 = sNotes1
	         $6dc9 = sNotes2
	         $6dd9 = sSong1
	         $6dd9 = sNotes3
	         $6e59 = gLevel
	         $6e69 = gLevel1
	         $7069 = gLevel2
	         $7269 = gLevel3
	         $7469 = gLevel4
	         $7669 = gLevel5
	         $7869 = gLevel6
	         $7a69 = gLevel7
	         $7c69 = gLevel8
	EMPTY: $018d bytes
	SLACK: $018d bytes

WRAM0 bank #0:
	SECTION: $c000-$c013 ($0014 bytes) ["Sprites"]
		; New fragment
	         $c000 = o_head1y
	         $c000 = o_start
	         $c001 = o_head1x
	         $c002 = o_head1chr
	         $c003 = o_head1attr
	         $c004 = o_head2y
	         $c005 = o_head2x
	         $c006 = o_head2chr
	         $c007 = o_head2attr
	         $c008 = o_tail1y
	         $c009 = o_tail1x
	         $c00a = o_tail1chr
	         $c00b = o_tail1attr
	         $c00c = o_tail2y
	         $c00d = o_tail2x
	         $c00e = o_tail2chr
	         $c00f = o_tail2attr
	         $c010 = o_bonusy
	         $c011 = o_bonusx
	         $c012 = o_bonuschr
	         $c013 = o_bonusattr
	EMPTY: $00ec bytes
	SECTION: $c100-$c11f ($0020 bytes) ["Highscore"]
		; New fragment
	         $c100 = s_scores
	         $c118 = g_message
	EMPTY: $1ee0 bytes
	SLACK: $1fcc bytes

HRAM bank #0:
	SECTION: $ff80-$ff89 ($000a bytes) ["VOAM"]
		; New fragment
	         $ff80 = v_oam
	SECTION: $ff8a-$ffc6 ($003d bytes) ["HighVariables"]
		; New fragment
	         $ff8a = m_prevtime
	         $ff8b = m_rstcnt
	         $ff8c = g_bonusniv
	         $ff8d = h_head1dirH
	         $ff8e = h_head1dirV
	         $ff8f = a_applex
	         $ff90 = a_appley
	         $ff91 = a_ateapple
	         $ff92 = a_dispencer
	         $ff93 = h_head1x
	         $ff94 = h_head1y
	         $ff95 = h_head2x
	         $ff96 = h_head2y
	         $ff97 = v_head1dirnum
	         $ff98 = v_corpse
	         $ff99 = h_head2dirH
	         $ff9a = h_head2dirV
	         $ff9b = t_tail1x
	         $ff9c = t_tail1y
	         $ff9d = t_tail2x
	         $ff9e = t_tail2y
	         $ff9f = v_time
	         $ffa0 = v_speed
	         $ffa1 = g_justStart
	         $ffa2 = v_desty
	         $ffa3 = g_level
	         $ffa4 = b_hold
	         $ffa5 = b_prev
	         $ffa6 = b_pressed
	         $ffa7 = b_released
	         $ffa8 = b_evH
	         $ffa9 = b_evV
	         $ffaa = g_vidBase
	         $ffab = v_flag
	         $ffac = v_newframe
	         $ffad = h_head1adr
	         $ffaf = v_head1chr
	         $ffb0 = h_head2adr
	         $ffb2 = v_head2chr
	         $ffb3 = t_tail1adr
	         $ffb5 = v_tail1chr
	         $ffb6 = t_tail2adr
	         $ffb8 = v_tail2chr
	         $ffb9 = v_eating
	         $ffba = h_eated
	         $ffbb = t_freeze
	         $ffbc = a_appleadr
	         $ffbe = a_error
	         $ffbf = g_bonusadr
	         $ffc1 = g_bonuschr
	         $ffc2 = s_score
	         $ffc5 = v_trail
	         $ffc6 = s_songpos
	EMPTY: $0038 bytes
	SLACK: $0038 bytes

SUMMARY:
	ROM0: 3426 bytes used / 12958 free
	ROMX: 15987 bytes used / 397 free in 1 bank
	WRAM0: 52 bytes used / 8140 free
	HRAM: 71 bytes used / 56 free
